// Jest Snapshot v1, https://goo.gl/fbAQLP

exports[`<SubMenu /> renders the component consistently 1`] = `
ShallowWrapper {
  "length": 1,
  Symbol(enzyme.__root__): [Circular],
  Symbol(enzyme.__unrendered__): <SubMenu
    items={
        Array [
            Object {
              "name": "a",
              "path": "",
            },
            Object {
              "name": "b",
              "path": "",
            },
            Object {
              "name": "c",
              "path": "",
            },
          ]
    }
/>,
  Symbol(enzyme.__renderer__): Object {
    "batchedUpdates": [Function],
    "getNode": [Function],
    "render": [Function],
    "simulateEvent": [Function],
    "unmount": [Function],
  },
  Symbol(enzyme.__node__): Object {
    "instance": null,
    "key": undefined,
    "nodeType": "host",
    "props": Object {
      "children": <ul
        className="Sub-menu__list component-row"
>
        <li
                className="Sub-menu__list__items"
        >
                <NavLink
                        activeClassName="active"
                        ariaCurrent="true"
                        className="Sub-menu__list__items__links"
                        exact={true}
                        to="undefined"
                >
                        a
                </NavLink>
        </li>
        <li
                className="Sub-menu__list__items"
        >
                <NavLink
                        activeClassName="active"
                        ariaCurrent="true"
                        className="Sub-menu__list__items__links"
                        exact={true}
                        to="undefined"
                >
                        b
                </NavLink>
        </li>
        <li
                className="Sub-menu__list__items"
        >
                <NavLink
                        activeClassName="active"
                        ariaCurrent="true"
                        className="Sub-menu__list__items__links"
                        exact={true}
                        to="undefined"
                >
                        c
                </NavLink>
        </li>
</ul>,
      "className": "Sub-menu",
    },
    "ref": null,
    "rendered": Object {
      "instance": null,
      "key": undefined,
      "nodeType": "host",
      "props": Object {
        "children": Array [
          <li
            className="Sub-menu__list__items"
>
            <NavLink
                        activeClassName="active"
                        ariaCurrent="true"
                        className="Sub-menu__list__items__links"
                        exact={true}
                        to="undefined"
            >
                        a
            </NavLink>
</li>,
          <li
            className="Sub-menu__list__items"
>
            <NavLink
                        activeClassName="active"
                        ariaCurrent="true"
                        className="Sub-menu__list__items__links"
                        exact={true}
                        to="undefined"
            >
                        b
            </NavLink>
</li>,
          <li
            className="Sub-menu__list__items"
>
            <NavLink
                        activeClassName="active"
                        ariaCurrent="true"
                        className="Sub-menu__list__items__links"
                        exact={true}
                        to="undefined"
            >
                        c
            </NavLink>
</li>,
        ],
        "className": "Sub-menu__list component-row",
      },
      "ref": null,
      "rendered": Array [
        Object {
          "instance": null,
          "key": "a",
          "nodeType": "host",
          "props": Object {
            "children": <NavLink
              activeClassName="active"
              ariaCurrent="true"
              className="Sub-menu__list__items__links"
              exact={true}
              to="undefined"
>
              a
</NavLink>,
            "className": "Sub-menu__list__items",
          },
          "ref": null,
          "rendered": Object {
            "instance": null,
            "key": undefined,
            "nodeType": "function",
            "props": Object {
              "activeClassName": "active",
              "ariaCurrent": "true",
              "children": "a",
              "className": "Sub-menu__list__items__links",
              "exact": true,
              "to": "undefined",
            },
            "ref": null,
            "rendered": "a",
            "type": [Function],
          },
          "type": "li",
        },
        Object {
          "instance": null,
          "key": "b",
          "nodeType": "host",
          "props": Object {
            "children": <NavLink
              activeClassName="active"
              ariaCurrent="true"
              className="Sub-menu__list__items__links"
              exact={true}
              to="undefined"
>
              b
</NavLink>,
            "className": "Sub-menu__list__items",
          },
          "ref": null,
          "rendered": Object {
            "instance": null,
            "key": undefined,
            "nodeType": "function",
            "props": Object {
              "activeClassName": "active",
              "ariaCurrent": "true",
              "children": "b",
              "className": "Sub-menu__list__items__links",
              "exact": true,
              "to": "undefined",
            },
            "ref": null,
            "rendered": "b",
            "type": [Function],
          },
          "type": "li",
        },
        Object {
          "instance": null,
          "key": "c",
          "nodeType": "host",
          "props": Object {
            "children": <NavLink
              activeClassName="active"
              ariaCurrent="true"
              className="Sub-menu__list__items__links"
              exact={true}
              to="undefined"
>
              c
</NavLink>,
            "className": "Sub-menu__list__items",
          },
          "ref": null,
          "rendered": Object {
            "instance": null,
            "key": undefined,
            "nodeType": "function",
            "props": Object {
              "activeClassName": "active",
              "ariaCurrent": "true",
              "children": "c",
              "className": "Sub-menu__list__items__links",
              "exact": true,
              "to": "undefined",
            },
            "ref": null,
            "rendered": "c",
            "type": [Function],
          },
          "type": "li",
        },
      ],
      "type": "ul",
    },
    "type": "div",
  },
  Symbol(enzyme.__nodes__): Array [
    Object {
      "instance": null,
      "key": undefined,
      "nodeType": "host",
      "props": Object {
        "children": <ul
          className="Sub-menu__list component-row"
>
          <li
                    className="Sub-menu__list__items"
          >
                    <NavLink
                              activeClassName="active"
                              ariaCurrent="true"
                              className="Sub-menu__list__items__links"
                              exact={true}
                              to="undefined"
                    >
                              a
                    </NavLink>
          </li>
          <li
                    className="Sub-menu__list__items"
          >
                    <NavLink
                              activeClassName="active"
                              ariaCurrent="true"
                              className="Sub-menu__list__items__links"
                              exact={true}
                              to="undefined"
                    >
                              b
                    </NavLink>
          </li>
          <li
                    className="Sub-menu__list__items"
          >
                    <NavLink
                              activeClassName="active"
                              ariaCurrent="true"
                              className="Sub-menu__list__items__links"
                              exact={true}
                              to="undefined"
                    >
                              c
                    </NavLink>
          </li>
</ul>,
        "className": "Sub-menu",
      },
      "ref": null,
      "rendered": Object {
        "instance": null,
        "key": undefined,
        "nodeType": "host",
        "props": Object {
          "children": Array [
            <li
              className="Sub-menu__list__items"
>
              <NavLink
                            activeClassName="active"
                            ariaCurrent="true"
                            className="Sub-menu__list__items__links"
                            exact={true}
                            to="undefined"
              >
                            a
              </NavLink>
</li>,
            <li
              className="Sub-menu__list__items"
>
              <NavLink
                            activeClassName="active"
                            ariaCurrent="true"
                            className="Sub-menu__list__items__links"
                            exact={true}
                            to="undefined"
              >
                            b
              </NavLink>
</li>,
            <li
              className="Sub-menu__list__items"
>
              <NavLink
                            activeClassName="active"
                            ariaCurrent="true"
                            className="Sub-menu__list__items__links"
                            exact={true}
                            to="undefined"
              >
                            c
              </NavLink>
</li>,
          ],
          "className": "Sub-menu__list component-row",
        },
        "ref": null,
        "rendered": Array [
          Object {
            "instance": null,
            "key": "a",
            "nodeType": "host",
            "props": Object {
              "children": <NavLink
                activeClassName="active"
                ariaCurrent="true"
                className="Sub-menu__list__items__links"
                exact={true}
                to="undefined"
>
                a
</NavLink>,
              "className": "Sub-menu__list__items",
            },
            "ref": null,
            "rendered": Object {
              "instance": null,
              "key": undefined,
              "nodeType": "function",
              "props": Object {
                "activeClassName": "active",
                "ariaCurrent": "true",
                "children": "a",
                "className": "Sub-menu__list__items__links",
                "exact": true,
                "to": "undefined",
              },
              "ref": null,
              "rendered": "a",
              "type": [Function],
            },
            "type": "li",
          },
          Object {
            "instance": null,
            "key": "b",
            "nodeType": "host",
            "props": Object {
              "children": <NavLink
                activeClassName="active"
                ariaCurrent="true"
                className="Sub-menu__list__items__links"
                exact={true}
                to="undefined"
>
                b
</NavLink>,
              "className": "Sub-menu__list__items",
            },
            "ref": null,
            "rendered": Object {
              "instance": null,
              "key": undefined,
              "nodeType": "function",
              "props": Object {
                "activeClassName": "active",
                "ariaCurrent": "true",
                "children": "b",
                "className": "Sub-menu__list__items__links",
                "exact": true,
                "to": "undefined",
              },
              "ref": null,
              "rendered": "b",
              "type": [Function],
            },
            "type": "li",
          },
          Object {
            "instance": null,
            "key": "c",
            "nodeType": "host",
            "props": Object {
              "children": <NavLink
                activeClassName="active"
                ariaCurrent="true"
                className="Sub-menu__list__items__links"
                exact={true}
                to="undefined"
>
                c
</NavLink>,
              "className": "Sub-menu__list__items",
            },
            "ref": null,
            "rendered": Object {
              "instance": null,
              "key": undefined,
              "nodeType": "function",
              "props": Object {
                "activeClassName": "active",
                "ariaCurrent": "true",
                "children": "c",
                "className": "Sub-menu__list__items__links",
                "exact": true,
                "to": "undefined",
              },
              "ref": null,
              "rendered": "c",
              "type": [Function],
            },
            "type": "li",
          },
        ],
        "type": "ul",
      },
      "type": "div",
    },
  ],
  Symbol(enzyme.__options__): Object {
    "adapter": ReactSixteenAdapter {
      "options": Object {
        "enableComponentDidUpdateOnSetState": true,
      },
    },
  },
}
`;
