// Jest Snapshot v1, https://goo.gl/fbAQLP

exports[`<ProfileSettings /> should render the component consistently 1`] = `
ShallowWrapper {
  "length": 1,
  Symbol(enzyme.__root__): [Circular],
  Symbol(enzyme.__unrendered__): <ProfileSettings
    user={
        Object {
            "avatar": "http://i1.kym-cdn.com/photos/images/newsfeed/000/250/007/672.jpg",
            "displayName": "ckboard",
            "email": "ckboard@gmail.com",
          }
    }
/>,
  Symbol(enzyme.__renderer__): Object {
    "batchedUpdates": [Function],
    "getNode": [Function],
    "render": [Function],
    "simulateEvent": [Function],
    "unmount": [Function],
  },
  Symbol(enzyme.__node__): Object {
    "instance": null,
    "key": undefined,
    "nodeType": "function",
    "props": Object {
      "children": Array [
        <Prompt
          message="Are you fucking sure? Your information will be lost."
          when={false}
/>,
        <FormMessage
          message=""
          type="error "
/>,
        <FormMessage
          message=""
          type="warning"
/>,
        <FormMessage
          message=""
          type="error"
/>,
        <UserInputField
          disabled={true}
          isVisible={true}
          message=""
          name="email"
          onChange={[Function]}
          placeholder=""
          title=""
          type=""
          value="ckboard@gmail.com"
/>,
        <FormMessage
          message=""
          type="error"
/>,
        <UserInputField
          disabled={false}
          isVisible={true}
          message=""
          name="displayName"
          onChange={[Function]}
          placeholder=""
          title="Display Name"
          type=""
          value="ckboard"
/>,
        <FormMessage
          message=""
          type="error"
/>,
        <div
          className="user-form-fields last-field"
>
          <label>
                    Profile Picture
          </label>
          <div
                    className="avatar-preview"
          >
                    <div
                              className="avatar-wrapper"
                    >
                              <img
                                        alt="user-avatar"
                                        className="circle avatar-img"
                                        src="http://i1.kym-cdn.com/photos/images/newsfeed/000/250/007/672.jpg"
                              />
                    </div>
                    <input
                              accept="image/*"
                              id="profilePicture"
                              onChange={[Function]}
                              type="file"
                    />
                    <label
                              htmlFor="profilePicture"
                    >
                              <span
                                        className="user-form-button"
                              >
                                        Upload New Picture
                              </span>
                              <span>
                                        Max 5mb, JPG, or PNG
                              </span>
                    </label>
          </div>
</div>,
      ],
      "className": "Profile-settings",
      "disabled": true,
      "formMsg": "Update your email, display name, and profile picture.",
      "formTitle": "Profile Settings",
      "icon": "",
      "isLoading": false,
      "onSubmit": [Function],
      "title": "",
    },
    "ref": null,
    "rendered": Array [
      Object {
        "instance": null,
        "key": undefined,
        "nodeType": "class",
        "props": Object {
          "message": "Are you fucking sure? Your information will be lost.",
          "when": false,
        },
        "ref": null,
        "rendered": null,
        "type": [Function],
      },
      Object {
        "instance": null,
        "key": undefined,
        "nodeType": "function",
        "props": Object {
          "message": "",
          "type": "error ",
        },
        "ref": null,
        "rendered": null,
        "type": [Function],
      },
      Object {
        "instance": null,
        "key": undefined,
        "nodeType": "function",
        "props": Object {
          "message": "",
          "type": "warning",
        },
        "ref": null,
        "rendered": null,
        "type": [Function],
      },
      Object {
        "instance": null,
        "key": undefined,
        "nodeType": "function",
        "props": Object {
          "message": "",
          "type": "error",
        },
        "ref": null,
        "rendered": null,
        "type": [Function],
      },
      Object {
        "instance": null,
        "key": undefined,
        "nodeType": "function",
        "props": Object {
          "children": null,
          "disabled": true,
          "isVisible": true,
          "message": "",
          "name": "email",
          "onChange": [Function],
          "placeholder": "",
          "title": "",
          "type": "",
          "value": "ckboard@gmail.com",
        },
        "ref": null,
        "rendered": null,
        "type": [Function],
      },
      Object {
        "instance": null,
        "key": undefined,
        "nodeType": "function",
        "props": Object {
          "message": "",
          "type": "error",
        },
        "ref": null,
        "rendered": null,
        "type": [Function],
      },
      Object {
        "instance": null,
        "key": undefined,
        "nodeType": "function",
        "props": Object {
          "children": null,
          "disabled": false,
          "isVisible": true,
          "message": "",
          "name": "displayName",
          "onChange": [Function],
          "placeholder": "",
          "title": "Display Name",
          "type": "",
          "value": "ckboard",
        },
        "ref": null,
        "rendered": null,
        "type": [Function],
      },
      Object {
        "instance": null,
        "key": undefined,
        "nodeType": "function",
        "props": Object {
          "message": "",
          "type": "error",
        },
        "ref": null,
        "rendered": null,
        "type": [Function],
      },
      Object {
        "instance": null,
        "key": undefined,
        "nodeType": "host",
        "props": Object {
          "children": Array [
            <label>
              Profile Picture
</label>,
            <div
              className="avatar-preview"
>
              <div
                            className="avatar-wrapper"
              >
                            <img
                                          alt="user-avatar"
                                          className="circle avatar-img"
                                          src="http://i1.kym-cdn.com/photos/images/newsfeed/000/250/007/672.jpg"
                            />
              </div>
              <input
                            accept="image/*"
                            id="profilePicture"
                            onChange={[Function]}
                            type="file"
              />
              <label
                            htmlFor="profilePicture"
              >
                            <span
                                          className="user-form-button"
                            >
                                          Upload New Picture
                            </span>
                            <span>
                                          Max 5mb, JPG, or PNG
                            </span>
              </label>
</div>,
          ],
          "className": "user-form-fields last-field",
        },
        "ref": null,
        "rendered": Array [
          Object {
            "instance": null,
            "key": undefined,
            "nodeType": "host",
            "props": Object {
              "children": "Profile Picture",
            },
            "ref": null,
            "rendered": "Profile Picture",
            "type": "label",
          },
          Object {
            "instance": null,
            "key": undefined,
            "nodeType": "host",
            "props": Object {
              "children": Array [
                <div
                  className="avatar-wrapper"
>
                  <img
                                    alt="user-avatar"
                                    className="circle avatar-img"
                                    src="http://i1.kym-cdn.com/photos/images/newsfeed/000/250/007/672.jpg"
                  />
</div>,
                <input
                  accept="image/*"
                  id="profilePicture"
                  onChange={[Function]}
                  type="file"
/>,
                <label
                  htmlFor="profilePicture"
>
                  <span
                                    className="user-form-button"
                  >
                                    Upload New Picture
                  </span>
                  <span>
                                    Max 5mb, JPG, or PNG
                  </span>
</label>,
              ],
              "className": "avatar-preview",
            },
            "ref": null,
            "rendered": Array [
              Object {
                "instance": null,
                "key": undefined,
                "nodeType": "host",
                "props": Object {
                  "children": <img
                    alt="user-avatar"
                    className="circle avatar-img"
                    src="http://i1.kym-cdn.com/photos/images/newsfeed/000/250/007/672.jpg"
/>,
                  "className": "avatar-wrapper",
                },
                "ref": null,
                "rendered": Object {
                  "instance": null,
                  "key": undefined,
                  "nodeType": "host",
                  "props": Object {
                    "alt": "user-avatar",
                    "className": "circle avatar-img",
                    "src": "http://i1.kym-cdn.com/photos/images/newsfeed/000/250/007/672.jpg",
                  },
                  "ref": null,
                  "rendered": null,
                  "type": "img",
                },
                "type": "div",
              },
              Object {
                "instance": null,
                "key": undefined,
                "nodeType": "host",
                "props": Object {
                  "accept": "image/*",
                  "id": "profilePicture",
                  "onChange": [Function],
                  "type": "file",
                },
                "ref": null,
                "rendered": null,
                "type": "input",
              },
              Object {
                "instance": null,
                "key": undefined,
                "nodeType": "host",
                "props": Object {
                  "children": Array [
                    <span
                      className="user-form-button"
>
                      Upload New Picture
</span>,
                    <span>
                      Max 5mb, JPG, or PNG
</span>,
                  ],
                  "htmlFor": "profilePicture",
                },
                "ref": null,
                "rendered": Array [
                  Object {
                    "instance": null,
                    "key": undefined,
                    "nodeType": "host",
                    "props": Object {
                      "children": "Upload New Picture",
                      "className": "user-form-button",
                    },
                    "ref": null,
                    "rendered": "Upload New Picture",
                    "type": "span",
                  },
                  Object {
                    "instance": null,
                    "key": undefined,
                    "nodeType": "host",
                    "props": Object {
                      "children": "Max 5mb, JPG, or PNG",
                    },
                    "ref": null,
                    "rendered": "Max 5mb, JPG, or PNG",
                    "type": "span",
                  },
                ],
                "type": "label",
              },
            ],
            "type": "div",
          },
        ],
        "type": "div",
      },
    ],
    "type": [Function],
  },
  Symbol(enzyme.__nodes__): Array [
    Object {
      "instance": null,
      "key": undefined,
      "nodeType": "function",
      "props": Object {
        "children": Array [
          <Prompt
            message="Are you fucking sure? Your information will be lost."
            when={false}
/>,
          <FormMessage
            message=""
            type="error "
/>,
          <FormMessage
            message=""
            type="warning"
/>,
          <FormMessage
            message=""
            type="error"
/>,
          <UserInputField
            disabled={true}
            isVisible={true}
            message=""
            name="email"
            onChange={[Function]}
            placeholder=""
            title=""
            type=""
            value="ckboard@gmail.com"
/>,
          <FormMessage
            message=""
            type="error"
/>,
          <UserInputField
            disabled={false}
            isVisible={true}
            message=""
            name="displayName"
            onChange={[Function]}
            placeholder=""
            title="Display Name"
            type=""
            value="ckboard"
/>,
          <FormMessage
            message=""
            type="error"
/>,
          <div
            className="user-form-fields last-field"
>
            <label>
                        Profile Picture
            </label>
            <div
                        className="avatar-preview"
            >
                        <div
                                    className="avatar-wrapper"
                        >
                                    <img
                                                alt="user-avatar"
                                                className="circle avatar-img"
                                                src="http://i1.kym-cdn.com/photos/images/newsfeed/000/250/007/672.jpg"
                                    />
                        </div>
                        <input
                                    accept="image/*"
                                    id="profilePicture"
                                    onChange={[Function]}
                                    type="file"
                        />
                        <label
                                    htmlFor="profilePicture"
                        >
                                    <span
                                                className="user-form-button"
                                    >
                                                Upload New Picture
                                    </span>
                                    <span>
                                                Max 5mb, JPG, or PNG
                                    </span>
                        </label>
            </div>
</div>,
        ],
        "className": "Profile-settings",
        "disabled": true,
        "formMsg": "Update your email, display name, and profile picture.",
        "formTitle": "Profile Settings",
        "icon": "",
        "isLoading": false,
        "onSubmit": [Function],
        "title": "",
      },
      "ref": null,
      "rendered": Array [
        Object {
          "instance": null,
          "key": undefined,
          "nodeType": "class",
          "props": Object {
            "message": "Are you fucking sure? Your information will be lost.",
            "when": false,
          },
          "ref": null,
          "rendered": null,
          "type": [Function],
        },
        Object {
          "instance": null,
          "key": undefined,
          "nodeType": "function",
          "props": Object {
            "message": "",
            "type": "error ",
          },
          "ref": null,
          "rendered": null,
          "type": [Function],
        },
        Object {
          "instance": null,
          "key": undefined,
          "nodeType": "function",
          "props": Object {
            "message": "",
            "type": "warning",
          },
          "ref": null,
          "rendered": null,
          "type": [Function],
        },
        Object {
          "instance": null,
          "key": undefined,
          "nodeType": "function",
          "props": Object {
            "message": "",
            "type": "error",
          },
          "ref": null,
          "rendered": null,
          "type": [Function],
        },
        Object {
          "instance": null,
          "key": undefined,
          "nodeType": "function",
          "props": Object {
            "children": null,
            "disabled": true,
            "isVisible": true,
            "message": "",
            "name": "email",
            "onChange": [Function],
            "placeholder": "",
            "title": "",
            "type": "",
            "value": "ckboard@gmail.com",
          },
          "ref": null,
          "rendered": null,
          "type": [Function],
        },
        Object {
          "instance": null,
          "key": undefined,
          "nodeType": "function",
          "props": Object {
            "message": "",
            "type": "error",
          },
          "ref": null,
          "rendered": null,
          "type": [Function],
        },
        Object {
          "instance": null,
          "key": undefined,
          "nodeType": "function",
          "props": Object {
            "children": null,
            "disabled": false,
            "isVisible": true,
            "message": "",
            "name": "displayName",
            "onChange": [Function],
            "placeholder": "",
            "title": "Display Name",
            "type": "",
            "value": "ckboard",
          },
          "ref": null,
          "rendered": null,
          "type": [Function],
        },
        Object {
          "instance": null,
          "key": undefined,
          "nodeType": "function",
          "props": Object {
            "message": "",
            "type": "error",
          },
          "ref": null,
          "rendered": null,
          "type": [Function],
        },
        Object {
          "instance": null,
          "key": undefined,
          "nodeType": "host",
          "props": Object {
            "children": Array [
              <label>
                Profile Picture
</label>,
              <div
                className="avatar-preview"
>
                <div
                                className="avatar-wrapper"
                >
                                <img
                                                alt="user-avatar"
                                                className="circle avatar-img"
                                                src="http://i1.kym-cdn.com/photos/images/newsfeed/000/250/007/672.jpg"
                                />
                </div>
                <input
                                accept="image/*"
                                id="profilePicture"
                                onChange={[Function]}
                                type="file"
                />
                <label
                                htmlFor="profilePicture"
                >
                                <span
                                                className="user-form-button"
                                >
                                                Upload New Picture
                                </span>
                                <span>
                                                Max 5mb, JPG, or PNG
                                </span>
                </label>
</div>,
            ],
            "className": "user-form-fields last-field",
          },
          "ref": null,
          "rendered": Array [
            Object {
              "instance": null,
              "key": undefined,
              "nodeType": "host",
              "props": Object {
                "children": "Profile Picture",
              },
              "ref": null,
              "rendered": "Profile Picture",
              "type": "label",
            },
            Object {
              "instance": null,
              "key": undefined,
              "nodeType": "host",
              "props": Object {
                "children": Array [
                  <div
                    className="avatar-wrapper"
>
                    <img
                                        alt="user-avatar"
                                        className="circle avatar-img"
                                        src="http://i1.kym-cdn.com/photos/images/newsfeed/000/250/007/672.jpg"
                    />
</div>,
                  <input
                    accept="image/*"
                    id="profilePicture"
                    onChange={[Function]}
                    type="file"
/>,
                  <label
                    htmlFor="profilePicture"
>
                    <span
                                        className="user-form-button"
                    >
                                        Upload New Picture
                    </span>
                    <span>
                                        Max 5mb, JPG, or PNG
                    </span>
</label>,
                ],
                "className": "avatar-preview",
              },
              "ref": null,
              "rendered": Array [
                Object {
                  "instance": null,
                  "key": undefined,
                  "nodeType": "host",
                  "props": Object {
                    "children": <img
                      alt="user-avatar"
                      className="circle avatar-img"
                      src="http://i1.kym-cdn.com/photos/images/newsfeed/000/250/007/672.jpg"
/>,
                    "className": "avatar-wrapper",
                  },
                  "ref": null,
                  "rendered": Object {
                    "instance": null,
                    "key": undefined,
                    "nodeType": "host",
                    "props": Object {
                      "alt": "user-avatar",
                      "className": "circle avatar-img",
                      "src": "http://i1.kym-cdn.com/photos/images/newsfeed/000/250/007/672.jpg",
                    },
                    "ref": null,
                    "rendered": null,
                    "type": "img",
                  },
                  "type": "div",
                },
                Object {
                  "instance": null,
                  "key": undefined,
                  "nodeType": "host",
                  "props": Object {
                    "accept": "image/*",
                    "id": "profilePicture",
                    "onChange": [Function],
                    "type": "file",
                  },
                  "ref": null,
                  "rendered": null,
                  "type": "input",
                },
                Object {
                  "instance": null,
                  "key": undefined,
                  "nodeType": "host",
                  "props": Object {
                    "children": Array [
                      <span
                        className="user-form-button"
>
                        Upload New Picture
</span>,
                      <span>
                        Max 5mb, JPG, or PNG
</span>,
                    ],
                    "htmlFor": "profilePicture",
                  },
                  "ref": null,
                  "rendered": Array [
                    Object {
                      "instance": null,
                      "key": undefined,
                      "nodeType": "host",
                      "props": Object {
                        "children": "Upload New Picture",
                        "className": "user-form-button",
                      },
                      "ref": null,
                      "rendered": "Upload New Picture",
                      "type": "span",
                    },
                    Object {
                      "instance": null,
                      "key": undefined,
                      "nodeType": "host",
                      "props": Object {
                        "children": "Max 5mb, JPG, or PNG",
                      },
                      "ref": null,
                      "rendered": "Max 5mb, JPG, or PNG",
                      "type": "span",
                    },
                  ],
                  "type": "label",
                },
              ],
              "type": "div",
            },
          ],
          "type": "div",
        },
      ],
      "type": [Function],
    },
  ],
  Symbol(enzyme.__options__): Object {
    "adapter": ReactSixteenAdapter {
      "options": Object {
        "enableComponentDidUpdateOnSetState": true,
      },
    },
  },
}
`;
