// Jest Snapshot v1, https://goo.gl/fbAQLP

exports[`<MenuContainer /> renders the component consistently 1`] = `
ShallowWrapper {
  "length": 1,
  Symbol(enzyme.__root__): [Circular],
  Symbol(enzyme.__unrendered__): <UserMenu
    active={true}
    className="testing"
    onClose={[Function]}
>
    <p>
        testing
    </p>
</UserMenu>,
  Symbol(enzyme.__renderer__): Object {
    "batchedUpdates": [Function],
    "getNode": [Function],
    "render": [Function],
    "simulateEvent": [Function],
    "unmount": [Function],
  },
  Symbol(enzyme.__node__): Object {
    "instance": null,
    "key": undefined,
    "nodeType": "host",
    "props": Object {
      "children": Array [
        <div
          className="Menu-container__header"
>
          <TopNavBtn
                    className=""
                    classPrefix="Menu-container"
                    icon="close"
                    onClick={[Function]}
          />
          <AppTitle />
</div>,
        <div
          className="Menu-container__body"
>
          <p>
                    testing
          </p>
</div>,
      ],
      "className": "Menu-container testing active",
    },
    "ref": null,
    "rendered": Array [
      Object {
        "instance": null,
        "key": undefined,
        "nodeType": "host",
        "props": Object {
          "children": Array [
            <TopNavBtn
              className=""
              classPrefix="Menu-container"
              icon="close"
              onClick={[Function]}
/>,
            <AppTitle />,
          ],
          "className": "Menu-container__header",
        },
        "ref": null,
        "rendered": Array [
          Object {
            "instance": null,
            "key": undefined,
            "nodeType": "function",
            "props": Object {
              "children": "",
              "className": "",
              "classPrefix": "Menu-container",
              "icon": "close",
              "onClick": [Function],
            },
            "ref": null,
            "rendered": "",
            "type": [Function],
          },
          Object {
            "instance": null,
            "key": undefined,
            "nodeType": "function",
            "props": Object {},
            "ref": null,
            "rendered": null,
            "type": [Function],
          },
        ],
        "type": "div",
      },
      Object {
        "instance": null,
        "key": undefined,
        "nodeType": "host",
        "props": Object {
          "children": <p>
            testing
</p>,
          "className": "Menu-container__body",
        },
        "ref": null,
        "rendered": Object {
          "instance": null,
          "key": undefined,
          "nodeType": "host",
          "props": Object {
            "children": "testing",
          },
          "ref": null,
          "rendered": "testing",
          "type": "p",
        },
        "type": "div",
      },
    ],
    "type": "div",
  },
  Symbol(enzyme.__nodes__): Array [
    Object {
      "instance": null,
      "key": undefined,
      "nodeType": "host",
      "props": Object {
        "children": Array [
          <div
            className="Menu-container__header"
>
            <TopNavBtn
                        className=""
                        classPrefix="Menu-container"
                        icon="close"
                        onClick={[Function]}
            />
            <AppTitle />
</div>,
          <div
            className="Menu-container__body"
>
            <p>
                        testing
            </p>
</div>,
        ],
        "className": "Menu-container testing active",
      },
      "ref": null,
      "rendered": Array [
        Object {
          "instance": null,
          "key": undefined,
          "nodeType": "host",
          "props": Object {
            "children": Array [
              <TopNavBtn
                className=""
                classPrefix="Menu-container"
                icon="close"
                onClick={[Function]}
/>,
              <AppTitle />,
            ],
            "className": "Menu-container__header",
          },
          "ref": null,
          "rendered": Array [
            Object {
              "instance": null,
              "key": undefined,
              "nodeType": "function",
              "props": Object {
                "children": "",
                "className": "",
                "classPrefix": "Menu-container",
                "icon": "close",
                "onClick": [Function],
              },
              "ref": null,
              "rendered": "",
              "type": [Function],
            },
            Object {
              "instance": null,
              "key": undefined,
              "nodeType": "function",
              "props": Object {},
              "ref": null,
              "rendered": null,
              "type": [Function],
            },
          ],
          "type": "div",
        },
        Object {
          "instance": null,
          "key": undefined,
          "nodeType": "host",
          "props": Object {
            "children": <p>
              testing
</p>,
            "className": "Menu-container__body",
          },
          "ref": null,
          "rendered": Object {
            "instance": null,
            "key": undefined,
            "nodeType": "host",
            "props": Object {
              "children": "testing",
            },
            "ref": null,
            "rendered": "testing",
            "type": "p",
          },
          "type": "div",
        },
      ],
      "type": "div",
    },
  ],
  Symbol(enzyme.__options__): Object {
    "adapter": ReactSixteenAdapter {
      "options": Object {
        "enableComponentDidUpdateOnSetState": true,
      },
    },
  },
}
`;
