// Jest Snapshot v1, https://goo.gl/fbAQLP

exports[`<AppTitle /> renders the component consistently 1`] = `
ShallowWrapper {
  "length": 1,
  Symbol(enzyme.__root__): [Circular],
  Symbol(enzyme.__unrendered__): <AppTitle />,
  Symbol(enzyme.__renderer__): Object {
    "batchedUpdates": [Function],
    "getNode": [Function],
    "render": [Function],
    "simulateEvent": [Function],
    "unmount": [Function],
  },
  Symbol(enzyme.__node__): Object {
    "instance": null,
    "key": undefined,
    "nodeType": "host",
    "props": Object {
      "children": <Link
        className="App-title__link"
        replace={false}
        to="/"
>
        <img
                alt="Damso Logo"
                className="App-title__img"
                src="logo.svg"
        />
</Link>,
      "className": "App-title",
    },
    "ref": null,
    "rendered": Object {
      "instance": null,
      "key": undefined,
      "nodeType": "class",
      "props": Object {
        "children": <img
          alt="Damso Logo"
          className="App-title__img"
          src="logo.svg"
/>,
        "className": "App-title__link",
        "replace": false,
        "to": "/",
      },
      "ref": null,
      "rendered": Object {
        "instance": null,
        "key": undefined,
        "nodeType": "host",
        "props": Object {
          "alt": "Damso Logo",
          "className": "App-title__img",
          "src": "logo.svg",
        },
        "ref": null,
        "rendered": null,
        "type": "img",
      },
      "type": [Function],
    },
    "type": "h1",
  },
  Symbol(enzyme.__nodes__): Array [
    Object {
      "instance": null,
      "key": undefined,
      "nodeType": "host",
      "props": Object {
        "children": <Link
          className="App-title__link"
          replace={false}
          to="/"
>
          <img
                    alt="Damso Logo"
                    className="App-title__img"
                    src="logo.svg"
          />
</Link>,
        "className": "App-title",
      },
      "ref": null,
      "rendered": Object {
        "instance": null,
        "key": undefined,
        "nodeType": "class",
        "props": Object {
          "children": <img
            alt="Damso Logo"
            className="App-title__img"
            src="logo.svg"
/>,
          "className": "App-title__link",
          "replace": false,
          "to": "/",
        },
        "ref": null,
        "rendered": Object {
          "instance": null,
          "key": undefined,
          "nodeType": "host",
          "props": Object {
            "alt": "Damso Logo",
            "className": "App-title__img",
            "src": "logo.svg",
          },
          "ref": null,
          "rendered": null,
          "type": "img",
        },
        "type": [Function],
      },
      "type": "h1",
    },
  ],
  Symbol(enzyme.__options__): Object {
    "adapter": ReactSixteenAdapter {
      "options": Object {
        "enableComponentDidUpdateOnSetState": true,
      },
    },
  },
}
`;
