// Jest Snapshot v1, https://goo.gl/fbAQLP

exports[`<MainMenu /> renders the component consistently 1`] = `
ShallowWrapper {
  "length": 1,
  Symbol(enzyme.__root__): [Circular],
  Symbol(enzyme.__unrendered__): <MainMenu
    active={true}
    menus={
        Array [
            Object {
              "icon": "a",
              "name": "a",
              "path": "/",
            },
            Object {
              "icon": "a",
              "name": "b",
              "path": "/",
            },
            Object {
              "icon": "a",
              "name": "c",
              "path": "/",
            },
          ]
    }
/>,
  Symbol(enzyme.__renderer__): Object {
    "batchedUpdates": [Function],
    "getNode": [Function],
    "render": [Function],
    "simulateEvent": [Function],
    "unmount": [Function],
  },
  Symbol(enzyme.__node__): Object {
    "instance": null,
    "key": undefined,
    "nodeType": "function",
    "props": Object {
      "active": true,
      "children": <ul
        className="Main-menu__list"
>
        <li
                className="Main-menu__list__items"
        >
                <NavLink
                        activeClassName="active"
                        ariaCurrent="true"
                        className="Main-menu__list__items__links"
                        to="/"
                >
                        <i
                                className="Main-menu__list__items__links__icons material-icons"
                        >
                                a
                        </i>
                        <span
                                className="Main-menu__list__items__links__text"
                        >
                                a
                        </span>
                </NavLink>
                <ul
                        className="Main-menu__list__items__sub sub-menu"
                />
        </li>
        <li
                className="Main-menu__list__items"
        >
                <NavLink
                        activeClassName="active"
                        ariaCurrent="true"
                        className="Main-menu__list__items__links"
                        to="/"
                >
                        <i
                                className="Main-menu__list__items__links__icons material-icons"
                        >
                                a
                        </i>
                        <span
                                className="Main-menu__list__items__links__text"
                        >
                                b
                        </span>
                </NavLink>
                <ul
                        className="Main-menu__list__items__sub sub-menu"
                />
        </li>
        <li
                className="Main-menu__list__items"
        >
                <NavLink
                        activeClassName="active"
                        ariaCurrent="true"
                        className="Main-menu__list__items__links"
                        to="/"
                >
                        <i
                                className="Main-menu__list__items__links__icons material-icons"
                        >
                                a
                        </i>
                        <span
                                className="Main-menu__list__items__links__text"
                        >
                                c
                        </span>
                </NavLink>
                <ul
                        className="Main-menu__list__items__sub sub-menu"
                />
        </li>
</ul>,
      "className": "Main-menu",
      "onClose": [Function],
    },
    "ref": null,
    "rendered": Object {
      "instance": null,
      "key": undefined,
      "nodeType": "host",
      "props": Object {
        "children": Array [
          <li
            className="Main-menu__list__items"
>
            <NavLink
                        activeClassName="active"
                        ariaCurrent="true"
                        className="Main-menu__list__items__links"
                        to="/"
            >
                        <i
                                    className="Main-menu__list__items__links__icons material-icons"
                        >
                                    a
                        </i>
                        <span
                                    className="Main-menu__list__items__links__text"
                        >
                                    a
                        </span>
            </NavLink>
            <ul
                        className="Main-menu__list__items__sub sub-menu"
            />
</li>,
          <li
            className="Main-menu__list__items"
>
            <NavLink
                        activeClassName="active"
                        ariaCurrent="true"
                        className="Main-menu__list__items__links"
                        to="/"
            >
                        <i
                                    className="Main-menu__list__items__links__icons material-icons"
                        >
                                    a
                        </i>
                        <span
                                    className="Main-menu__list__items__links__text"
                        >
                                    b
                        </span>
            </NavLink>
            <ul
                        className="Main-menu__list__items__sub sub-menu"
            />
</li>,
          <li
            className="Main-menu__list__items"
>
            <NavLink
                        activeClassName="active"
                        ariaCurrent="true"
                        className="Main-menu__list__items__links"
                        to="/"
            >
                        <i
                                    className="Main-menu__list__items__links__icons material-icons"
                        >
                                    a
                        </i>
                        <span
                                    className="Main-menu__list__items__links__text"
                        >
                                    c
                        </span>
            </NavLink>
            <ul
                        className="Main-menu__list__items__sub sub-menu"
            />
</li>,
        ],
        "className": "Main-menu__list",
      },
      "ref": null,
      "rendered": Array [
        Object {
          "instance": null,
          "key": "a",
          "nodeType": "host",
          "props": Object {
            "children": Array [
              <NavLink
                activeClassName="active"
                ariaCurrent="true"
                className="Main-menu__list__items__links"
                to="/"
>
                <i
                                className="Main-menu__list__items__links__icons material-icons"
                >
                                a
                </i>
                <span
                                className="Main-menu__list__items__links__text"
                >
                                a
                </span>
</NavLink>,
              <ul
                className="Main-menu__list__items__sub sub-menu"
/>,
            ],
            "className": "Main-menu__list__items",
          },
          "ref": null,
          "rendered": Array [
            Object {
              "instance": null,
              "key": undefined,
              "nodeType": "function",
              "props": Object {
                "activeClassName": "active",
                "ariaCurrent": "true",
                "children": Array [
                  <i
                    className="Main-menu__list__items__links__icons material-icons"
>
                    a
</i>,
                  <span
                    className="Main-menu__list__items__links__text"
>
                    a
</span>,
                ],
                "className": "Main-menu__list__items__links",
                "to": "/",
              },
              "ref": null,
              "rendered": Array [
                Object {
                  "instance": null,
                  "key": undefined,
                  "nodeType": "host",
                  "props": Object {
                    "children": "a",
                    "className": "Main-menu__list__items__links__icons material-icons",
                  },
                  "ref": null,
                  "rendered": "a",
                  "type": "i",
                },
                Object {
                  "instance": null,
                  "key": undefined,
                  "nodeType": "host",
                  "props": Object {
                    "children": "a",
                    "className": "Main-menu__list__items__links__text",
                  },
                  "ref": null,
                  "rendered": "a",
                  "type": "span",
                },
              ],
              "type": [Function],
            },
            Object {
              "instance": null,
              "key": undefined,
              "nodeType": "host",
              "props": Object {
                "children": null,
                "className": "Main-menu__list__items__sub sub-menu",
              },
              "ref": null,
              "rendered": null,
              "type": "ul",
            },
          ],
          "type": "li",
        },
        Object {
          "instance": null,
          "key": "b",
          "nodeType": "host",
          "props": Object {
            "children": Array [
              <NavLink
                activeClassName="active"
                ariaCurrent="true"
                className="Main-menu__list__items__links"
                to="/"
>
                <i
                                className="Main-menu__list__items__links__icons material-icons"
                >
                                a
                </i>
                <span
                                className="Main-menu__list__items__links__text"
                >
                                b
                </span>
</NavLink>,
              <ul
                className="Main-menu__list__items__sub sub-menu"
/>,
            ],
            "className": "Main-menu__list__items",
          },
          "ref": null,
          "rendered": Array [
            Object {
              "instance": null,
              "key": undefined,
              "nodeType": "function",
              "props": Object {
                "activeClassName": "active",
                "ariaCurrent": "true",
                "children": Array [
                  <i
                    className="Main-menu__list__items__links__icons material-icons"
>
                    a
</i>,
                  <span
                    className="Main-menu__list__items__links__text"
>
                    b
</span>,
                ],
                "className": "Main-menu__list__items__links",
                "to": "/",
              },
              "ref": null,
              "rendered": Array [
                Object {
                  "instance": null,
                  "key": undefined,
                  "nodeType": "host",
                  "props": Object {
                    "children": "a",
                    "className": "Main-menu__list__items__links__icons material-icons",
                  },
                  "ref": null,
                  "rendered": "a",
                  "type": "i",
                },
                Object {
                  "instance": null,
                  "key": undefined,
                  "nodeType": "host",
                  "props": Object {
                    "children": "b",
                    "className": "Main-menu__list__items__links__text",
                  },
                  "ref": null,
                  "rendered": "b",
                  "type": "span",
                },
              ],
              "type": [Function],
            },
            Object {
              "instance": null,
              "key": undefined,
              "nodeType": "host",
              "props": Object {
                "children": null,
                "className": "Main-menu__list__items__sub sub-menu",
              },
              "ref": null,
              "rendered": null,
              "type": "ul",
            },
          ],
          "type": "li",
        },
        Object {
          "instance": null,
          "key": "c",
          "nodeType": "host",
          "props": Object {
            "children": Array [
              <NavLink
                activeClassName="active"
                ariaCurrent="true"
                className="Main-menu__list__items__links"
                to="/"
>
                <i
                                className="Main-menu__list__items__links__icons material-icons"
                >
                                a
                </i>
                <span
                                className="Main-menu__list__items__links__text"
                >
                                c
                </span>
</NavLink>,
              <ul
                className="Main-menu__list__items__sub sub-menu"
/>,
            ],
            "className": "Main-menu__list__items",
          },
          "ref": null,
          "rendered": Array [
            Object {
              "instance": null,
              "key": undefined,
              "nodeType": "function",
              "props": Object {
                "activeClassName": "active",
                "ariaCurrent": "true",
                "children": Array [
                  <i
                    className="Main-menu__list__items__links__icons material-icons"
>
                    a
</i>,
                  <span
                    className="Main-menu__list__items__links__text"
>
                    c
</span>,
                ],
                "className": "Main-menu__list__items__links",
                "to": "/",
              },
              "ref": null,
              "rendered": Array [
                Object {
                  "instance": null,
                  "key": undefined,
                  "nodeType": "host",
                  "props": Object {
                    "children": "a",
                    "className": "Main-menu__list__items__links__icons material-icons",
                  },
                  "ref": null,
                  "rendered": "a",
                  "type": "i",
                },
                Object {
                  "instance": null,
                  "key": undefined,
                  "nodeType": "host",
                  "props": Object {
                    "children": "c",
                    "className": "Main-menu__list__items__links__text",
                  },
                  "ref": null,
                  "rendered": "c",
                  "type": "span",
                },
              ],
              "type": [Function],
            },
            Object {
              "instance": null,
              "key": undefined,
              "nodeType": "host",
              "props": Object {
                "children": null,
                "className": "Main-menu__list__items__sub sub-menu",
              },
              "ref": null,
              "rendered": null,
              "type": "ul",
            },
          ],
          "type": "li",
        },
      ],
      "type": "ul",
    },
    "type": [Function],
  },
  Symbol(enzyme.__nodes__): Array [
    Object {
      "instance": null,
      "key": undefined,
      "nodeType": "function",
      "props": Object {
        "active": true,
        "children": <ul
          className="Main-menu__list"
>
          <li
                    className="Main-menu__list__items"
          >
                    <NavLink
                              activeClassName="active"
                              ariaCurrent="true"
                              className="Main-menu__list__items__links"
                              to="/"
                    >
                              <i
                                        className="Main-menu__list__items__links__icons material-icons"
                              >
                                        a
                              </i>
                              <span
                                        className="Main-menu__list__items__links__text"
                              >
                                        a
                              </span>
                    </NavLink>
                    <ul
                              className="Main-menu__list__items__sub sub-menu"
                    />
          </li>
          <li
                    className="Main-menu__list__items"
          >
                    <NavLink
                              activeClassName="active"
                              ariaCurrent="true"
                              className="Main-menu__list__items__links"
                              to="/"
                    >
                              <i
                                        className="Main-menu__list__items__links__icons material-icons"
                              >
                                        a
                              </i>
                              <span
                                        className="Main-menu__list__items__links__text"
                              >
                                        b
                              </span>
                    </NavLink>
                    <ul
                              className="Main-menu__list__items__sub sub-menu"
                    />
          </li>
          <li
                    className="Main-menu__list__items"
          >
                    <NavLink
                              activeClassName="active"
                              ariaCurrent="true"
                              className="Main-menu__list__items__links"
                              to="/"
                    >
                              <i
                                        className="Main-menu__list__items__links__icons material-icons"
                              >
                                        a
                              </i>
                              <span
                                        className="Main-menu__list__items__links__text"
                              >
                                        c
                              </span>
                    </NavLink>
                    <ul
                              className="Main-menu__list__items__sub sub-menu"
                    />
          </li>
</ul>,
        "className": "Main-menu",
        "onClose": [Function],
      },
      "ref": null,
      "rendered": Object {
        "instance": null,
        "key": undefined,
        "nodeType": "host",
        "props": Object {
          "children": Array [
            <li
              className="Main-menu__list__items"
>
              <NavLink
                            activeClassName="active"
                            ariaCurrent="true"
                            className="Main-menu__list__items__links"
                            to="/"
              >
                            <i
                                          className="Main-menu__list__items__links__icons material-icons"
                            >
                                          a
                            </i>
                            <span
                                          className="Main-menu__list__items__links__text"
                            >
                                          a
                            </span>
              </NavLink>
              <ul
                            className="Main-menu__list__items__sub sub-menu"
              />
</li>,
            <li
              className="Main-menu__list__items"
>
              <NavLink
                            activeClassName="active"
                            ariaCurrent="true"
                            className="Main-menu__list__items__links"
                            to="/"
              >
                            <i
                                          className="Main-menu__list__items__links__icons material-icons"
                            >
                                          a
                            </i>
                            <span
                                          className="Main-menu__list__items__links__text"
                            >
                                          b
                            </span>
              </NavLink>
              <ul
                            className="Main-menu__list__items__sub sub-menu"
              />
</li>,
            <li
              className="Main-menu__list__items"
>
              <NavLink
                            activeClassName="active"
                            ariaCurrent="true"
                            className="Main-menu__list__items__links"
                            to="/"
              >
                            <i
                                          className="Main-menu__list__items__links__icons material-icons"
                            >
                                          a
                            </i>
                            <span
                                          className="Main-menu__list__items__links__text"
                            >
                                          c
                            </span>
              </NavLink>
              <ul
                            className="Main-menu__list__items__sub sub-menu"
              />
</li>,
          ],
          "className": "Main-menu__list",
        },
        "ref": null,
        "rendered": Array [
          Object {
            "instance": null,
            "key": "a",
            "nodeType": "host",
            "props": Object {
              "children": Array [
                <NavLink
                  activeClassName="active"
                  ariaCurrent="true"
                  className="Main-menu__list__items__links"
                  to="/"
>
                  <i
                                    className="Main-menu__list__items__links__icons material-icons"
                  >
                                    a
                  </i>
                  <span
                                    className="Main-menu__list__items__links__text"
                  >
                                    a
                  </span>
</NavLink>,
                <ul
                  className="Main-menu__list__items__sub sub-menu"
/>,
              ],
              "className": "Main-menu__list__items",
            },
            "ref": null,
            "rendered": Array [
              Object {
                "instance": null,
                "key": undefined,
                "nodeType": "function",
                "props": Object {
                  "activeClassName": "active",
                  "ariaCurrent": "true",
                  "children": Array [
                    <i
                      className="Main-menu__list__items__links__icons material-icons"
>
                      a
</i>,
                    <span
                      className="Main-menu__list__items__links__text"
>
                      a
</span>,
                  ],
                  "className": "Main-menu__list__items__links",
                  "to": "/",
                },
                "ref": null,
                "rendered": Array [
                  Object {
                    "instance": null,
                    "key": undefined,
                    "nodeType": "host",
                    "props": Object {
                      "children": "a",
                      "className": "Main-menu__list__items__links__icons material-icons",
                    },
                    "ref": null,
                    "rendered": "a",
                    "type": "i",
                  },
                  Object {
                    "instance": null,
                    "key": undefined,
                    "nodeType": "host",
                    "props": Object {
                      "children": "a",
                      "className": "Main-menu__list__items__links__text",
                    },
                    "ref": null,
                    "rendered": "a",
                    "type": "span",
                  },
                ],
                "type": [Function],
              },
              Object {
                "instance": null,
                "key": undefined,
                "nodeType": "host",
                "props": Object {
                  "children": null,
                  "className": "Main-menu__list__items__sub sub-menu",
                },
                "ref": null,
                "rendered": null,
                "type": "ul",
              },
            ],
            "type": "li",
          },
          Object {
            "instance": null,
            "key": "b",
            "nodeType": "host",
            "props": Object {
              "children": Array [
                <NavLink
                  activeClassName="active"
                  ariaCurrent="true"
                  className="Main-menu__list__items__links"
                  to="/"
>
                  <i
                                    className="Main-menu__list__items__links__icons material-icons"
                  >
                                    a
                  </i>
                  <span
                                    className="Main-menu__list__items__links__text"
                  >
                                    b
                  </span>
</NavLink>,
                <ul
                  className="Main-menu__list__items__sub sub-menu"
/>,
              ],
              "className": "Main-menu__list__items",
            },
            "ref": null,
            "rendered": Array [
              Object {
                "instance": null,
                "key": undefined,
                "nodeType": "function",
                "props": Object {
                  "activeClassName": "active",
                  "ariaCurrent": "true",
                  "children": Array [
                    <i
                      className="Main-menu__list__items__links__icons material-icons"
>
                      a
</i>,
                    <span
                      className="Main-menu__list__items__links__text"
>
                      b
</span>,
                  ],
                  "className": "Main-menu__list__items__links",
                  "to": "/",
                },
                "ref": null,
                "rendered": Array [
                  Object {
                    "instance": null,
                    "key": undefined,
                    "nodeType": "host",
                    "props": Object {
                      "children": "a",
                      "className": "Main-menu__list__items__links__icons material-icons",
                    },
                    "ref": null,
                    "rendered": "a",
                    "type": "i",
                  },
                  Object {
                    "instance": null,
                    "key": undefined,
                    "nodeType": "host",
                    "props": Object {
                      "children": "b",
                      "className": "Main-menu__list__items__links__text",
                    },
                    "ref": null,
                    "rendered": "b",
                    "type": "span",
                  },
                ],
                "type": [Function],
              },
              Object {
                "instance": null,
                "key": undefined,
                "nodeType": "host",
                "props": Object {
                  "children": null,
                  "className": "Main-menu__list__items__sub sub-menu",
                },
                "ref": null,
                "rendered": null,
                "type": "ul",
              },
            ],
            "type": "li",
          },
          Object {
            "instance": null,
            "key": "c",
            "nodeType": "host",
            "props": Object {
              "children": Array [
                <NavLink
                  activeClassName="active"
                  ariaCurrent="true"
                  className="Main-menu__list__items__links"
                  to="/"
>
                  <i
                                    className="Main-menu__list__items__links__icons material-icons"
                  >
                                    a
                  </i>
                  <span
                                    className="Main-menu__list__items__links__text"
                  >
                                    c
                  </span>
</NavLink>,
                <ul
                  className="Main-menu__list__items__sub sub-menu"
/>,
              ],
              "className": "Main-menu__list__items",
            },
            "ref": null,
            "rendered": Array [
              Object {
                "instance": null,
                "key": undefined,
                "nodeType": "function",
                "props": Object {
                  "activeClassName": "active",
                  "ariaCurrent": "true",
                  "children": Array [
                    <i
                      className="Main-menu__list__items__links__icons material-icons"
>
                      a
</i>,
                    <span
                      className="Main-menu__list__items__links__text"
>
                      c
</span>,
                  ],
                  "className": "Main-menu__list__items__links",
                  "to": "/",
                },
                "ref": null,
                "rendered": Array [
                  Object {
                    "instance": null,
                    "key": undefined,
                    "nodeType": "host",
                    "props": Object {
                      "children": "a",
                      "className": "Main-menu__list__items__links__icons material-icons",
                    },
                    "ref": null,
                    "rendered": "a",
                    "type": "i",
                  },
                  Object {
                    "instance": null,
                    "key": undefined,
                    "nodeType": "host",
                    "props": Object {
                      "children": "c",
                      "className": "Main-menu__list__items__links__text",
                    },
                    "ref": null,
                    "rendered": "c",
                    "type": "span",
                  },
                ],
                "type": [Function],
              },
              Object {
                "instance": null,
                "key": undefined,
                "nodeType": "host",
                "props": Object {
                  "children": null,
                  "className": "Main-menu__list__items__sub sub-menu",
                },
                "ref": null,
                "rendered": null,
                "type": "ul",
              },
            ],
            "type": "li",
          },
        ],
        "type": "ul",
      },
      "type": [Function],
    },
  ],
  Symbol(enzyme.__options__): Object {
    "adapter": ReactSixteenAdapter {
      "options": Object {
        "enableComponentDidUpdateOnSetState": true,
      },
    },
  },
}
`;
