// Jest Snapshot v1, https://goo.gl/fbAQLP

exports[`<TopNavBtn /> renders the component consistently 1`] = `
ShallowWrapper {
  "length": 1,
  Symbol(enzyme.__root__): [Circular],
  Symbol(enzyme.__unrendered__): <TopNavBtn
    className=""
    classPrefix=""
    icon=""
    onClick={[Function]}
/>,
  Symbol(enzyme.__renderer__): Object {
    "batchedUpdates": [Function],
    "getNode": [Function],
    "render": [Function],
    "simulateEvent": [Function],
    "unmount": [Function],
  },
  Symbol(enzyme.__node__): Object {
    "instance": null,
    "key": undefined,
    "nodeType": "host",
    "props": Object {
      "children": <i
        className="Top-nav-btn__icons material-icons __icon"
/>,
      "className": "Top-nav-btn __btn ",
      "onClick": [Function],
      "type": "button",
    },
    "ref": null,
    "rendered": Object {
      "instance": null,
      "key": undefined,
      "nodeType": "host",
      "props": Object {
        "children": "",
        "className": "Top-nav-btn__icons material-icons __icon",
      },
      "ref": null,
      "rendered": "",
      "type": "i",
    },
    "type": "button",
  },
  Symbol(enzyme.__nodes__): Array [
    Object {
      "instance": null,
      "key": undefined,
      "nodeType": "host",
      "props": Object {
        "children": <i
          className="Top-nav-btn__icons material-icons __icon"
/>,
        "className": "Top-nav-btn __btn ",
        "onClick": [Function],
        "type": "button",
      },
      "ref": null,
      "rendered": Object {
        "instance": null,
        "key": undefined,
        "nodeType": "host",
        "props": Object {
          "children": "",
          "className": "Top-nav-btn__icons material-icons __icon",
        },
        "ref": null,
        "rendered": "",
        "type": "i",
      },
      "type": "button",
    },
  ],
  Symbol(enzyme.__options__): Object {
    "adapter": ReactSixteenAdapter {
      "options": Object {
        "enableComponentDidUpdateOnSetState": true,
      },
    },
  },
}
`;
