// Jest Snapshot v1, https://goo.gl/fbAQLP

exports[`<TopNavigation /> renders the component consistently 1`] = `
ShallowWrapper {
  "length": 1,
  Symbol(enzyme.__root__): [Circular],
  Symbol(enzyme.__unrendered__): <TopNavigation />,
  Symbol(enzyme.__renderer__): Object {
    "batchedUpdates": [Function],
    "getNode": [Function],
    "render": [Function],
    "simulateEvent": [Function],
    "unmount": [Function],
  },
  Symbol(enzyme.__node__): Object {
    "instance": null,
    "key": undefined,
    "nodeType": "host",
    "props": Object {
      "children": <div
        className="Top-navigation__row component-row"
>
        <TopNavBtn
                className=""
                classPrefix="Top-navigation"
                icon="dehaze"
                onClick={[Function]}
        />
        <AppTitle />
        <TopNavBtn
                className=""
                classPrefix="Top-navigation"
                icon="person_outline"
                onClick={[Function]}
        />
</div>,
      "className": "Top-navigation",
    },
    "ref": null,
    "rendered": Object {
      "instance": null,
      "key": undefined,
      "nodeType": "host",
      "props": Object {
        "children": Array [
          <TopNavBtn
            className=""
            classPrefix="Top-navigation"
            icon="dehaze"
            onClick={[Function]}
/>,
          <AppTitle />,
          <TopNavBtn
            className=""
            classPrefix="Top-navigation"
            icon="person_outline"
            onClick={[Function]}
/>,
        ],
        "className": "Top-navigation__row component-row",
      },
      "ref": null,
      "rendered": Array [
        Object {
          "instance": null,
          "key": undefined,
          "nodeType": "function",
          "props": Object {
            "children": "",
            "className": "",
            "classPrefix": "Top-navigation",
            "icon": "dehaze",
            "onClick": [Function],
          },
          "ref": null,
          "rendered": "",
          "type": [Function],
        },
        Object {
          "instance": null,
          "key": undefined,
          "nodeType": "function",
          "props": Object {},
          "ref": null,
          "rendered": null,
          "type": [Function],
        },
        Object {
          "instance": null,
          "key": undefined,
          "nodeType": "function",
          "props": Object {
            "children": "",
            "className": "",
            "classPrefix": "Top-navigation",
            "icon": "person_outline",
            "onClick": [Function],
          },
          "ref": null,
          "rendered": "",
          "type": [Function],
        },
      ],
      "type": "div",
    },
    "type": "header",
  },
  Symbol(enzyme.__nodes__): Array [
    Object {
      "instance": null,
      "key": undefined,
      "nodeType": "host",
      "props": Object {
        "children": <div
          className="Top-navigation__row component-row"
>
          <TopNavBtn
                    className=""
                    classPrefix="Top-navigation"
                    icon="dehaze"
                    onClick={[Function]}
          />
          <AppTitle />
          <TopNavBtn
                    className=""
                    classPrefix="Top-navigation"
                    icon="person_outline"
                    onClick={[Function]}
          />
</div>,
        "className": "Top-navigation",
      },
      "ref": null,
      "rendered": Object {
        "instance": null,
        "key": undefined,
        "nodeType": "host",
        "props": Object {
          "children": Array [
            <TopNavBtn
              className=""
              classPrefix="Top-navigation"
              icon="dehaze"
              onClick={[Function]}
/>,
            <AppTitle />,
            <TopNavBtn
              className=""
              classPrefix="Top-navigation"
              icon="person_outline"
              onClick={[Function]}
/>,
          ],
          "className": "Top-navigation__row component-row",
        },
        "ref": null,
        "rendered": Array [
          Object {
            "instance": null,
            "key": undefined,
            "nodeType": "function",
            "props": Object {
              "children": "",
              "className": "",
              "classPrefix": "Top-navigation",
              "icon": "dehaze",
              "onClick": [Function],
            },
            "ref": null,
            "rendered": "",
            "type": [Function],
          },
          Object {
            "instance": null,
            "key": undefined,
            "nodeType": "function",
            "props": Object {},
            "ref": null,
            "rendered": null,
            "type": [Function],
          },
          Object {
            "instance": null,
            "key": undefined,
            "nodeType": "function",
            "props": Object {
              "children": "",
              "className": "",
              "classPrefix": "Top-navigation",
              "icon": "person_outline",
              "onClick": [Function],
            },
            "ref": null,
            "rendered": "",
            "type": [Function],
          },
        ],
        "type": "div",
      },
      "type": "header",
    },
  ],
  Symbol(enzyme.__options__): Object {
    "adapter": ReactSixteenAdapter {
      "options": Object {
        "enableComponentDidUpdateOnSetState": true,
      },
    },
  },
}
`;
