// Jest Snapshot v1, https://goo.gl/fbAQLP

exports[`<UserDropdownBtn /> renders the component consistently 1`] = `
ShallowWrapper {
  "length": 1,
  Symbol(enzyme.__root__): [Circular],
  Symbol(enzyme.__unrendered__): <UserDropdownBtn
    avatar=""
    displayName=""
    isLoggedIn={false}
    level=""
    toggleUserMenu={[Function]}
/>,
  Symbol(enzyme.__renderer__): Object {
    "batchedUpdates": [Function],
    "getNode": [Function],
    "render": [Function],
    "simulateEvent": [Function],
    "unmount": [Function],
  },
  Symbol(enzyme.__node__): Object {
    "instance": null,
    "key": undefined,
    "nodeType": "function",
    "props": Object {
      "children": null,
      "className": "",
      "classPrefix": "User-dropdown-btn",
      "icon": "person_outline",
      "onClick": [Function],
    },
    "ref": null,
    "rendered": null,
    "type": [Function],
  },
  Symbol(enzyme.__nodes__): Array [
    Object {
      "instance": null,
      "key": undefined,
      "nodeType": "function",
      "props": Object {
        "children": null,
        "className": "",
        "classPrefix": "User-dropdown-btn",
        "icon": "person_outline",
        "onClick": [Function],
      },
      "ref": null,
      "rendered": null,
      "type": [Function],
    },
  ],
  Symbol(enzyme.__options__): Object {
    "adapter": ReactSixteenAdapter {
      "options": Object {
        "enableComponentDidUpdateOnSetState": true,
      },
    },
  },
}
`;
