// Jest Snapshot v1, https://goo.gl/fbAQLP

exports[`<SecuritySettings /> should render the component consistently 1`] = `
ShallowWrapper {
  "length": 1,
  Symbol(enzyme.__root__): [Circular],
  Symbol(enzyme.__unrendered__): <SecuritySettings />,
  Symbol(enzyme.__renderer__): Object {
    "batchedUpdates": [Function],
    "getNode": [Function],
    "render": [Function],
    "simulateEvent": [Function],
    "unmount": [Function],
  },
  Symbol(enzyme.__node__): Object {
    "instance": null,
    "key": undefined,
    "nodeType": "function",
    "props": Object {
      "button": <div
        className="Security-settings__button-group"
>
        <button
                className="User__form__btn Security-settings__form__btn"
                disabled={true}
                onClick={[Function]}
                type="button"
        >
                Change Password
        </button>
        <Link
                className="User__form__btn Security-settings__form__btn"
                replace={false}
                to="/user/deactivate"
        >
                Deactivate Account
        </Link>
</div>,
      "children": Array [
        <FormMessage
          className=""
          message=""
          type="error"
/>,
        <UserInputField
          disabled={false}
          isVisible={false}
          message="Please enter your current password to proceed."
          name="currentPassword"
          onChange={[Function]}
          placeholder=""
          title="Current Password"
          type="password"
          value=""
>
          <button
                    className="User__form__btn Security-settings__field__btn"
                    type="submit"
          >
                    Submit
          </button>
</UserInputField>,
        <UserInputField
          disabled={false}
          isVisible={false}
          message="Enter new password"
          name="newPassword"
          onChange={[Function]}
          placeholder=""
          title="New Password"
          type="password"
          value=""
/>,
        <UserInputField
          disabled={false}
          isVisible={false}
          message="Confirm your password"
          name="confirmPassword"
          onChange={[Function]}
          placeholder=""
          title="Confirm Password"
          type="password"
          value=""
>
          <button
                    className="User__form__btn Security-settings__field__btn"
                    type="submit"
          >
                    Submit
          </button>
</UserInputField>,
      ],
      "className": "Security-settings",
      "disabled": false,
      "formMsg": "Change your password, or deactivate your account",
      "formTitle": "Security Settings",
      "icon": "",
      "isLoading": false,
      "onSubmit": [Function],
      "title": "",
    },
    "ref": null,
    "rendered": Array [
      Object {
        "instance": null,
        "key": undefined,
        "nodeType": "function",
        "props": Object {
          "className": "",
          "message": "",
          "type": "error",
        },
        "ref": null,
        "rendered": null,
        "type": [Function],
      },
      Object {
        "instance": null,
        "key": undefined,
        "nodeType": "function",
        "props": Object {
          "children": <button
            className="User__form__btn Security-settings__field__btn"
            type="submit"
>
            Submit
</button>,
          "disabled": false,
          "isVisible": false,
          "message": "Please enter your current password to proceed.",
          "name": "currentPassword",
          "onChange": [Function],
          "placeholder": "",
          "title": "Current Password",
          "type": "password",
          "value": "",
        },
        "ref": null,
        "rendered": Object {
          "instance": null,
          "key": undefined,
          "nodeType": "host",
          "props": Object {
            "children": "Submit",
            "className": "User__form__btn Security-settings__field__btn",
            "type": "submit",
          },
          "ref": null,
          "rendered": "Submit",
          "type": "button",
        },
        "type": [Function],
      },
      Object {
        "instance": null,
        "key": undefined,
        "nodeType": "function",
        "props": Object {
          "children": null,
          "disabled": false,
          "isVisible": false,
          "message": "Enter new password",
          "name": "newPassword",
          "onChange": [Function],
          "placeholder": "",
          "title": "New Password",
          "type": "password",
          "value": "",
        },
        "ref": null,
        "rendered": null,
        "type": [Function],
      },
      Object {
        "instance": null,
        "key": undefined,
        "nodeType": "function",
        "props": Object {
          "children": <button
            className="User__form__btn Security-settings__field__btn"
            type="submit"
>
            Submit
</button>,
          "disabled": false,
          "isVisible": false,
          "message": "Confirm your password",
          "name": "confirmPassword",
          "onChange": [Function],
          "placeholder": "",
          "title": "Confirm Password",
          "type": "password",
          "value": "",
        },
        "ref": null,
        "rendered": Object {
          "instance": null,
          "key": undefined,
          "nodeType": "host",
          "props": Object {
            "children": "Submit",
            "className": "User__form__btn Security-settings__field__btn",
            "type": "submit",
          },
          "ref": null,
          "rendered": "Submit",
          "type": "button",
        },
        "type": [Function],
      },
    ],
    "type": [Function],
  },
  Symbol(enzyme.__nodes__): Array [
    Object {
      "instance": null,
      "key": undefined,
      "nodeType": "function",
      "props": Object {
        "button": <div
          className="Security-settings__button-group"
>
          <button
                    className="User__form__btn Security-settings__form__btn"
                    disabled={true}
                    onClick={[Function]}
                    type="button"
          >
                    Change Password
          </button>
          <Link
                    className="User__form__btn Security-settings__form__btn"
                    replace={false}
                    to="/user/deactivate"
          >
                    Deactivate Account
          </Link>
</div>,
        "children": Array [
          <FormMessage
            className=""
            message=""
            type="error"
/>,
          <UserInputField
            disabled={false}
            isVisible={false}
            message="Please enter your current password to proceed."
            name="currentPassword"
            onChange={[Function]}
            placeholder=""
            title="Current Password"
            type="password"
            value=""
>
            <button
                        className="User__form__btn Security-settings__field__btn"
                        type="submit"
            >
                        Submit
            </button>
</UserInputField>,
          <UserInputField
            disabled={false}
            isVisible={false}
            message="Enter new password"
            name="newPassword"
            onChange={[Function]}
            placeholder=""
            title="New Password"
            type="password"
            value=""
/>,
          <UserInputField
            disabled={false}
            isVisible={false}
            message="Confirm your password"
            name="confirmPassword"
            onChange={[Function]}
            placeholder=""
            title="Confirm Password"
            type="password"
            value=""
>
            <button
                        className="User__form__btn Security-settings__field__btn"
                        type="submit"
            >
                        Submit
            </button>
</UserInputField>,
        ],
        "className": "Security-settings",
        "disabled": false,
        "formMsg": "Change your password, or deactivate your account",
        "formTitle": "Security Settings",
        "icon": "",
        "isLoading": false,
        "onSubmit": [Function],
        "title": "",
      },
      "ref": null,
      "rendered": Array [
        Object {
          "instance": null,
          "key": undefined,
          "nodeType": "function",
          "props": Object {
            "className": "",
            "message": "",
            "type": "error",
          },
          "ref": null,
          "rendered": null,
          "type": [Function],
        },
        Object {
          "instance": null,
          "key": undefined,
          "nodeType": "function",
          "props": Object {
            "children": <button
              className="User__form__btn Security-settings__field__btn"
              type="submit"
>
              Submit
</button>,
            "disabled": false,
            "isVisible": false,
            "message": "Please enter your current password to proceed.",
            "name": "currentPassword",
            "onChange": [Function],
            "placeholder": "",
            "title": "Current Password",
            "type": "password",
            "value": "",
          },
          "ref": null,
          "rendered": Object {
            "instance": null,
            "key": undefined,
            "nodeType": "host",
            "props": Object {
              "children": "Submit",
              "className": "User__form__btn Security-settings__field__btn",
              "type": "submit",
            },
            "ref": null,
            "rendered": "Submit",
            "type": "button",
          },
          "type": [Function],
        },
        Object {
          "instance": null,
          "key": undefined,
          "nodeType": "function",
          "props": Object {
            "children": null,
            "disabled": false,
            "isVisible": false,
            "message": "Enter new password",
            "name": "newPassword",
            "onChange": [Function],
            "placeholder": "",
            "title": "New Password",
            "type": "password",
            "value": "",
          },
          "ref": null,
          "rendered": null,
          "type": [Function],
        },
        Object {
          "instance": null,
          "key": undefined,
          "nodeType": "function",
          "props": Object {
            "children": <button
              className="User__form__btn Security-settings__field__btn"
              type="submit"
>
              Submit
</button>,
            "disabled": false,
            "isVisible": false,
            "message": "Confirm your password",
            "name": "confirmPassword",
            "onChange": [Function],
            "placeholder": "",
            "title": "Confirm Password",
            "type": "password",
            "value": "",
          },
          "ref": null,
          "rendered": Object {
            "instance": null,
            "key": undefined,
            "nodeType": "host",
            "props": Object {
              "children": "Submit",
              "className": "User__form__btn Security-settings__field__btn",
              "type": "submit",
            },
            "ref": null,
            "rendered": "Submit",
            "type": "button",
          },
          "type": [Function],
        },
      ],
      "type": [Function],
    },
  ],
  Symbol(enzyme.__options__): Object {
    "adapter": ReactSixteenAdapter {
      "options": Object {
        "enableComponentDidUpdateOnSetState": true,
      },
    },
  },
}
`;
